◇ injected env (0) from .env // tip: ⌁ auth for agents [www.vestauth.com]
Starting batch OCR scan for June and July (Descending)...
Found 125 agreements to process.

Processing 1/125: Agreement 1b013049-3a85-4db6-adbb-6156ed9f1d6d
Rate limit hit. Waiting 65s...

Processing 1/125: Agreement 1b013049-3a85-4db6-adbb-6156ed9f1d6d
Rate limit hit. Waiting 65s...

Processing 1/125: Agreement 1b013049-3a85-4db6-adbb-6156ed9f1d6d
Rate limit hit. Waiting 65s...

Processing 1/125: Agreement 1b013049-3a85-4db6-adbb-6156ed9f1d6d
Rate limit hit. Waiting 65s...

Processing 1/125: Agreement 1b013049-3a85-4db6-adbb-6156ed9f1d6d
Rate limit hit. Waiting 65s...

Processing 1/125: Agreement 1b013049-3a85-4db6-adbb-6156ed9f1d6d
Rate limit hit. Waiting 65s...

Processing 1/125: Agreement 1b013049-3a85-4db6-adbb-6156ed9f1d6d
Rate limit hit. Waiting 65s...

Processing 1/125: Agreement 1b013049-3a85-4db6-adbb-6156ed9f1d6d
Rate limit hit. Waiting 65s...

Processing 1/125: Agreement 1b013049-3a85-4db6-adbb-6156ed9f1d6d
Rate limit hit. Waiting 65s...

Processing 1/125: Agreement 1b013049-3a85-4db6-adbb-6156ed9f1d6d
Rate limit hit. Waiting 65s...

Processing 1/125: Agreement 1b013049-3a85-4db6-adbb-6156ed9f1d6d
Rate limit hit. Waiting 65s...

Processing 1/125: Agreement 1b013049-3a85-4db6-adbb-6156ed9f1d6d
Rate limit hit. Waiting 65s...

Processing 1/125: Agreement 1b013049-3a85-4db6-adbb-6156ed9f1d6d
Rate limit hit. Waiting 65s...

Processing 1/125: Agreement 1b013049-3a85-4db6-adbb-6156ed9f1d6d
Rate limit hit. Waiting 65s...

Processing 1/125: Agreement 1b013049-3a85-4db6-adbb-6156ed9f1d6d
Rate limit hit. Waiting 65s...

Processing 1/125: Agreement 1b013049-3a85-4db6-adbb-6156ed9f1d6d
Rate limit hit. Waiting 65s...

Processing 1/125: Agreement 1b013049-3a85-4db6-adbb-6156ed9f1d6d
Rate limit hit. Waiting 65s...

Processing 1/125: Agreement 1b013049-3a85-4db6-adbb-6156ed9f1d6d
Rate limit hit. Waiting 65s...

Processing 1/125: Agreement 1b013049-3a85-4db6-adbb-6156ed9f1d6d
Rate limit hit. Waiting 65s...

Processing 1/125: Agreement 1b013049-3a85-4db6-adbb-6156ed9f1d6d
Rate limit hit. Waiting 65s...

Processing 1/125: Agreement 1b013049-3a85-4db6-adbb-6156ed9f1d6d
Rate limit hit. Waiting 65s...

Processing 1/125: Agreement 1b013049-3a85-4db6-adbb-6156ed9f1d6d
Rate limit hit. Waiting 65s...

Processing 1/125: Agreement 1b013049-3a85-4db6-adbb-6156ed9f1d6d
Rate limit hit. Waiting 65s...

Processing 1/125: Agreement 1b013049-3a85-4db6-adbb-6156ed9f1d6d
Rate limit hit. Waiting 65s...

Processing 1/125: Agreement 1b013049-3a85-4db6-adbb-6156ed9f1d6d
Rate limit hit. Waiting 65s...

Processing 1/125: Agreement 1b013049-3a85-4db6-adbb-6156ed9f1d6d
Rate limit hit. Waiting 65s...

Processing 1/125: Agreement 1b013049-3a85-4db6-adbb-6156ed9f1d6d
Rate limit hit. Waiting 65s...

Processing 1/125: Agreement 1b013049-3a85-4db6-adbb-6156ed9f1d6d
Rate limit hit. Waiting 65s...

Processing 1/125: Agreement 1b013049-3a85-4db6-adbb-6156ed9f1d6d
Rate limit hit. Waiting 65s...

Processing 1/125: Agreement 1b013049-3a85-4db6-adbb-6156ed9f1d6d
Rate limit hit. Waiting 65s...

Processing 1/125: Agreement 1b013049-3a85-4db6-adbb-6156ed9f1d6d
Rate limit hit. Waiting 65s...

Processing 1/125: Agreement 1b013049-3a85-4db6-adbb-6156ed9f1d6d
Rate limit hit. Waiting 65s...

Processing 1/125: Agreement 1b013049-3a85-4db6-adbb-6156ed9f1d6d
Rate limit hit. Waiting 65s...

Processing 1/125: Agreement 1b013049-3a85-4db6-adbb-6156ed9f1d6d
Rate limit hit. Waiting 65s...

Processing 1/125: Agreement 1b013049-3a85-4db6-adbb-6156ed9f1d6d
Rate limit hit. Waiting 65s...

Processing 1/125: Agreement 1b013049-3a85-4db6-adbb-6156ed9f1d6d
Rate limit hit. Waiting 65s...

Processing 1/125: Agreement 1b013049-3a85-4db6-adbb-6156ed9f1d6d
Rate limit hit. Waiting 65s...

Processing 1/125: Agreement 1b013049-3a85-4db6-adbb-6156ed9f1d6d
Rate limit hit. Waiting 65s...

Processing 1/125: Agreement 1b013049-3a85-4db6-adbb-6156ed9f1d6d
Rate limit hit. Waiting 65s...

Processing 1/125: Agreement 1b013049-3a85-4db6-adbb-6156ed9f1d6d
Rate limit hit. Waiting 65s...

Processing 1/125: Agreement 1b013049-3a85-4db6-adbb-6156ed9f1d6d
Rate limit hit. Waiting 65s...

Processing 1/125: Agreement 1b013049-3a85-4db6-adbb-6156ed9f1d6d
Rate limit hit. Waiting 65s...
